Particles: 2900
Timesteps: 10
MPI Ranks: 1
Random seed: 2900
Rank: 0: OpenMP is disabled
Proc: 0 is on node shuds

Step: 0
Forces kernel returned: 54662.851633 
Forces compute time: 0.050 seconds
Forces comms time:   0.000 seconds

Step: 1
Forces kernel returned: 52286.035969 
Forces compute time: 0.049 seconds
Forces comms time:   0.000 seconds

Step: 2
Forces kernel returned: 49934.669031 
Forces compute time: 0.056 seconds
Forces comms time:   0.000 seconds

Step: 3
Forces kernel returned: 47605.370014 
Forces compute time: 0.079 seconds
Forces comms time:   0.000 seconds

Step: 4
Forces kernel returned: 45294.877149 
Forces compute time: 0.077 seconds
Forces comms time:   0.000 seconds

Step: 5
Forces kernel returned: 43000.024140 
Forces compute time: 0.054 seconds
Forces comms time:   0.000 seconds

Step: 6
Forces kernel returned: 40717.718560 
Forces compute time: 0.050 seconds
Forces comms time:   0.000 seconds

Step: 7
Forces kernel returned: 38444.921694 
Forces compute time: 0.050 seconds
Forces comms time:   0.000 seconds

Step: 8
Forces kernel returned: 36178.629379 
Forces compute time: 0.052 seconds
Forces comms time:   0.000 seconds

Step: 9
Forces kernel returned: 33915.853419 
Forces compute time: 0.049 seconds
Forces comms time:   0.000 seconds

Final total 33915.853419 after total time of 0.565 seconds.
